// Jest Snapshot v1, https://goo.gl/fbAQLP

exports[`Test app component using pattern Function as Children 1`] = `
<DocumentFragment>
  <h1>
    List of execution of Page visibility API 
  </h1>
  <ul />
</DocumentFragment>
`;

exports[`Test event list component using pattern Container Presentational 1`] = `
<DocumentFragment>
  <h1>
    List of execution of Page visibility API 
  </h1>
  <ul />
</DocumentFragment>
`;

exports[`Test event list component using pattern Custom Hooks 1`] = `
<DocumentFragment>
  <h1>
    List of execution of Page visibility API 
  </h1>
  <ul />
</DocumentFragment>
`;

exports[`Test event list component using pattern High Order Components 1`] = `
<DocumentFragment>
  <h1>
    List of execution of Page visibility API 
  </h1>
  <ul />
</DocumentFragment>
`;

exports[`Test event list component using pattern Render Props 1`] = `
<DocumentFragment>
  <h1>
    List of execution of Page visibility API 
  </h1>
  <ul />
</DocumentFragment>
`;
